21:08:14 **** Incremental Build of configuration Debug for project SPI_TEST ****
make all 
Building file: ../Src/main.c
Invoking: MCU GCC Compiler
C:\Users\lemos\Documents\stm32projects\SPI_TEST\Debug
arm-none-eabi-gcc -mcpu=cortex-m3 -mthumb -mfloat-abi=soft '-D__weak=__attribute__((weak))' '-D__packed=__attribute__((__packed__))' -DUSE_HAL_DRIVER -DSTM32F103xB -I"C:/Users/lemos/Documents/stm32projects/SPI_TEST/Inc" -I"C:/Users/lemos/Documents/stm32projects/SPI_TEST/Drivers/STM32F1xx_HAL_Driver/Inc" -I"C:/Users/lemos/Documents/stm32projects/SPI_TEST/Drivers/STM32F1xx_HAL_Driver/Inc/Legacy" -I"C:/Users/lemos/Documents/stm32projects/SPI_TEST/Drivers/CMSIS/Device/ST/STM32F1xx/Include" -I"C:/Users/lemos/Documents/stm32projects/SPI_TEST/Drivers/CMSIS/Include"  -Og -g3 -Wall -fmessage-length=0 -ffunction-sections -c -fmessage-length=0 -MMD -MP -MF"Src/main.d" -MT"Src/main.o" -o "Src/main.o" "../Src/main.c"
Finished building: ../Src/main.c
 
Building target: SPI_TEST.elf
Invoking: MCU GCC Linker
arm-none-eabi-gcc -mcpu=cortex-m3 -mthumb -mfloat-abi=soft -specs=nosys.specs -specs=nano.specs -T"../STM32F103C8Tx_FLASH.ld" -Wl,-Map=output.map -Wl,--gc-sections -o "SPI_TEST.elf" @"objects.list"   -lm
Finished building target: SPI_TEST.elf
 
make --no-print-directory post-build
Generating hex and Printing size information:
arm-none-eabi-objcopy -O ihex "SPI_TEST.elf" "SPI_TEST.hex"
arm-none-eabi-size "SPI_TEST.elf"
   text	   data	    bss	    dec	    hex	filename
   5360	     20	   1660	   7040	   1b80	SPI_TEST.elf
 
21:08:20 **** Incremental Build of configuration Debug for project SPI_TEST ****
make all 
make: Nothing to be done for 'all'.
21:08:27 **** Incremental Build of configuration Debug for project SPI_TEST ****
make all 
make: Nothing to be done for 'all'.
21:08:58 **** Incremental Build of configuration Debug for project SPI_TEST ****
make all 
make: Nothing to be done for 'all'.
21:10:13 **** Incremental Build of configuration Debug for project SPI_TEST ****
make all 
make: Nothing to be done for 'all'.
21:10:28 **** Incremental Build of configuration Debug for project SPI_TEST ****
make all 
make: Nothing to be done for 'all'.
21:10:46 **** Incremental Build of configuration Debug for project SPI_TEST ****
make all 
make: Nothing to be done for 'all'.
