20:37:20 **** Build of configuration Debug for project spi ****
make all 
Building file: ../startup/startup_stm32f446xx.s
Invoking: MCU GCC Assembler
C:\Users\lemos\Documents\stm32projects\SPI-ADXL\SPI-ADXL\spi\Debug
arm-none-eabi-as -mcpu=cortex-m4 -mthumb -mfloat-abi=hard -mfpu=fpv4-sp-d16 -g -o "startup/startup_stm32f446xx.o" "../startup/startup_stm32f446xx.s"
Finished building: ../startup/startup_stm32f446xx.s
 
Building file: ../Src/i2c-lcd.c
Invoking: MCU GCC Compiler
C:\Users\lemos\Documents\stm32projects\SPI-ADXL\SPI-ADXL\spi\Debug
arm-none-eabi-gcc -mcpu=cortex-m4 -mthumb -mfloat-abi=hard -mfpu=fpv4-sp-d16 '-D__weak=__attribute__((weak))' '-D__packed="__attribute__((__packed__))"' -DUSE_HAL_DRIVER -DSTM32F446xx -I"C:/Users/lemos/Documents/stm32projects/SPI-ADXL/SPI-ADXL/spi/Inc" -I"C:/Users/lemos/Documents/stm32projects/SPI-ADXL/SPI-ADXL/spi/Drivers/STM32F4xx_HAL_Driver/Inc" -I"C:/Users/lemos/Documents/stm32projects/SPI-ADXL/SPI-ADXL/spi/Drivers/STM32F4xx_HAL_Driver/Inc/Legacy" -I"C:/Users/lemos/Documents/stm32projects/SPI-ADXL/SPI-ADXL/spi/Drivers/CMSIS/Device/ST/STM32F4xx/Include" -I"C:/Users/lemos/Documents/stm32projects/SPI-ADXL/SPI-ADXL/spi/Drivers/CMSIS/Include"  -Og -g3 -Wall -fmessage-length=0 -ffunction-sections -c -fmessage-length=0 -MMD -MP -MF"Src/i2c-lcd.d" -MT"Src/i2c-lcd.o" -o "Src/i2c-lcd.o" "../Src/i2c-lcd.c"
../Src/i2c-lcd.c: In function 'lcd_send_float':
../Src/i2c-lcd.c:51:27: warning: 'snprintf' output truncated before the last format character [-Wformat-truncation=]
  snprintf (xg_char, 8, "%f", data);
                           ^
../Src/i2c-lcd.c:51:2: note: 'snprintf' output between 9 and 318 bytes into a destination of size 8
  snprintf (xg_char, 8, "%f", data);
  ^~~~~~~~~~~~~~~~~~~~~~~~~~~~~~~~~
Finished building: ../Src/i2c-lcd.c
 
Building file: ../Src/main.c
Invoking: MCU GCC Compiler
C:\Users\lemos\Documents\stm32projects\SPI-ADXL\SPI-ADXL\spi\Debug
arm-none-eabi-gcc -mcpu=cortex-m4 -mthumb -mfloat-abi=hard -mfpu=fpv4-sp-d16 '-D__weak=__attribute__((weak))' '-D__packed="__attribute__((__packed__))"' -DUSE_HAL_DRIVER -DSTM32F446xx -I"C:/Users/lemos/Documents/stm32projects/SPI-ADXL/SPI-ADXL/spi/Inc" -I"C:/Users/lemos/Documents/stm32projects/SPI-ADXL/SPI-ADXL/spi/Drivers/STM32F4xx_HAL_Driver/Inc" -I"C:/Users/lemos/Documents/stm32projects/SPI-ADXL/SPI-ADXL/spi/Drivers/STM32F4xx_HAL_Driver/Inc/Legacy" -I"C:/Users/lemos/Documents/stm32projects/SPI-ADXL/SPI-ADXL/spi/Drivers/CMSIS/Device/ST/STM32F4xx/Include" -I"C:/Users/lemos/Documents/stm32projects/SPI-ADXL/SPI-ADXL/spi/Drivers/CMSIS/Include"  -Og -g3 -Wall -fmessage-length=0 -ffunction-sections -c -fmessage-length=0 -MMD -MP -MF"Src/main.d" -MT"Src/main.o" -o "Src/main.o" "../Src/main.c"
Finished building: ../Src/main.c
 
Building file: ../Src/stm32f4xx_hal_msp.c
Invoking: MCU GCC Compiler
C:\Users\lemos\Documents\stm32projects\SPI-ADXL\SPI-ADXL\spi\Debug
arm-none-eabi-gcc -mcpu=cortex-m4 -mthumb -mfloat-abi=hard -mfpu=fpv4-sp-d16 '-D__weak=__attribute__((weak))' '-D__packed="__attribute__((__packed__))"' -DUSE_HAL_DRIVER -DSTM32F446xx -I"C:/Users/lemos/Documents/stm32projects/SPI-ADXL/SPI-ADXL/spi/Inc" -I"C:/Users/lemos/Documents/stm32projects/SPI-ADXL/SPI-ADXL/spi/Drivers/STM32F4xx_HAL_Driver/Inc" -I"C:/Users/lemos/Documents/stm32projects/SPI-ADXL/SPI-ADXL/spi/Drivers/STM32F4xx_HAL_Driver/Inc/Legacy" -I"C:/Users/lemos/Documents/stm32projects/SPI-ADXL/SPI-ADXL/spi/Drivers/CMSIS/Device/ST/STM32F4xx/Include" -I"C:/Users/lemos/Documents/stm32projects/SPI-ADXL/SPI-ADXL/spi/Drivers/CMSIS/Include"  -Og -g3 -Wall -fmessage-length=0 -ffunction-sections -c -fmessage-length=0 -MMD -MP -MF"Src/stm32f4xx_hal_msp.d" -MT"Src/stm32f4xx_hal_msp.o" -o "Src/stm32f4xx_hal_msp.o" "../Src/stm32f4xx_hal_msp.c"
Finished building: ../Src/stm32f4xx_hal_msp.c
 
Building file: ../Src/stm32f4xx_it.c
Invoking: MCU GCC Compiler
C:\Users\lemos\Documents\stm32projects\SPI-ADXL\SPI-ADXL\spi\Debug
arm-none-eabi-gcc -mcpu=cortex-m4 -mthumb -mfloat-abi=hard -mfpu=fpv4-sp-d16 '-D__weak=__attribute__((weak))' '-D__packed="__attribute__((__packed__))"' -DUSE_HAL_DRIVER -DSTM32F446xx -I"C:/Users/lemos/Documents/stm32projects/SPI-ADXL/SPI-ADXL/spi/Inc" -I"C:/Users/lemos/Documents/stm32projects/SPI-ADXL/SPI-ADXL/spi/Drivers/STM32F4xx_HAL_Driver/Inc" -I"C:/Users/lemos/Documents/stm32projects/SPI-ADXL/SPI-ADXL/spi/Drivers/STM32F4xx_HAL_Driver/Inc/Legacy" -I"C:/Users/lemos/Documents/stm32projects/SPI-ADXL/SPI-ADXL/spi/Drivers/CMSIS/Device/ST/STM32F4xx/Include" -I"C:/Users/lemos/Documents/stm32projects/SPI-ADXL/SPI-ADXL/spi/Drivers/CMSIS/Include"  -Og -g3 -Wall -fmessage-length=0 -ffunction-sections -c -fmessage-length=0 -MMD -MP -MF"Src/stm32f4xx_it.d" -MT"Src/stm32f4xx_it.o" -o "Src/stm32f4xx_it.o" "../Src/stm32f4xx_it.c"
Finished building: ../Src/stm32f4xx_it.c
 
Building file: ../Src/system_stm32f4xx.c
Invoking: MCU GCC Compiler
C:\Users\lemos\Documents\stm32projects\SPI-ADXL\SPI-ADXL\spi\Debug
arm-none-eabi-gcc -mcpu=cortex-m4 -mthumb -mfloat-abi=hard -mfpu=fpv4-sp-d16 '-D__weak=__attribute__((weak))' '-D__packed="__attribute__((__packed__))"' -DUSE_HAL_DRIVER -DSTM32F446xx -I"C:/Users/lemos/Documents/stm32projects/SPI-ADXL/SPI-ADXL/spi/Inc" -I"C:/Users/lemos/Documents/stm32projects/SPI-ADXL/SPI-ADXL/spi/Drivers/STM32F4xx_HAL_Driver/Inc" -I"C:/Users/lemos/Documents/stm32projects/SPI-ADXL/SPI-ADXL/spi/Drivers/STM32F4xx_HAL_Driver/Inc/Legacy" -I"C:/Users/lemos/Documents/stm32projects/SPI-ADXL/SPI-ADXL/spi/Drivers/CMSIS/Device/ST/STM32F4xx/Include" -I"C:/Users/lemos/Documents/stm32projects/SPI-ADXL/SPI-ADXL/spi/Drivers/CMSIS/Include"  -Og -g3 -Wall -fmessage-length=0 -ffunction-sections -c -fmessage-length=0 -MMD -MP -MF"Src/system_stm32f4xx.d" -MT"Src/system_stm32f4xx.o" -o "Src/system_stm32f4xx.o" "../Src/system_stm32f4xx.c"
Finished building: ../Src/system_stm32f4xx.c
 
Building file: ../Drivers/STM32F4xx_HAL_Driver/Src/stm32f4xx_hal.c
Invoking: MCU GCC Compiler
C:\Users\lemos\Documents\stm32projects\SPI-ADXL\SPI-ADXL\spi\Debug
arm-none-eabi-gcc -mcpu=cortex-m4 -mthumb -mfloat-abi=hard -mfpu=fpv4-sp-d16 '-D__weak=__attribute__((weak))' '-D__packed="__attribute__((__packed__))"' -DUSE_HAL_DRIVER -DSTM32F446xx -I"C:/Users/lemos/Documents/stm32projects/SPI-ADXL/SPI-ADXL/spi/Inc" -I"C:/Users/lemos/Documents/stm32projects/SPI-ADXL/SPI-ADXL/spi/Drivers/STM32F4xx_HAL_Driver/Inc" -I"C:/Users/lemos/Documents/stm32projects/SPI-ADXL/SPI-ADXL/spi/Drivers/STM32F4xx_HAL_Driver/Inc/Legacy" -I"C:/Users/lemos/Documents/stm32projects/SPI-ADXL/SPI-ADXL/spi/Drivers/CMSIS/Device/ST/STM32F4xx/Include" -I"C:/Users/lemos/Documents/stm32projects/SPI-ADXL/SPI-ADXL/spi/Drivers/CMSIS/Include"  -Og -g3 -Wall -fmessage-length=0 -ffunction-sections -c -fmessage-length=0 -MMD -MP -MF"Drivers/STM32F4xx_HAL_Driver/Src/stm32f4xx_hal.d" -MT"Drivers/STM32F4xx_HAL_Driver/Src/stm32f4xx_hal.o" -o "Drivers/STM32F4xx_HAL_Driver/Src/stm32f4xx_hal.o" "../Drivers/STM32F4xx_HAL_Driver/Src/stm32f4xx_hal.c"
Finished building: ../Drivers/STM32F4xx_HAL_Driver/Src/stm32f4xx_hal.c
 
Building file: ../Drivers/STM32F4xx_HAL_Driver/Src/stm32f4xx_hal_cortex.c
Invoking: MCU GCC Compiler
C:\Users\lemos\Documents\stm32projects\SPI-ADXL\SPI-ADXL\spi\Debug
arm-none-eabi-gcc -mcpu=cortex-m4 -mthumb -mfloat-abi=hard -mfpu=fpv4-sp-d16 '-D__weak=__attribute__((weak))' '-D__packed="__attribute__((__packed__))"' -DUSE_HAL_DRIVER -DSTM32F446xx -I"C:/Users/lemos/Documents/stm32projects/SPI-ADXL/SPI-ADXL/spi/Inc" -I"C:/Users/lemos/Documents/stm32projects/SPI-ADXL/SPI-ADXL/spi/Drivers/STM32F4xx_HAL_Driver/Inc" -I"C:/Users/lemos/Documents/stm32projects/SPI-ADXL/SPI-ADXL/spi/Drivers/STM32F4xx_HAL_Driver/Inc/Legacy" -I"C:/Users/lemos/Documents/stm32projects/SPI-ADXL/SPI-ADXL/spi/Drivers/CMSIS/Device/ST/STM32F4xx/Include" -I"C:/Users/lemos/Documents/stm32projects/SPI-ADXL/SPI-ADXL/spi/Drivers/CMSIS/Include"  -Og -g3 -Wall -fmessage-length=0 -ffunction-sections -c -fmessage-length=0 -MMD -MP -MF"Drivers/STM32F4xx_HAL_Driver/Src/stm32f4xx_hal_cortex.d" -MT"Drivers/STM32F4xx_HAL_Driver/Src/stm32f4xx_hal_cortex.o" -o "Drivers/STM32F4xx_HAL_Driver/Src/stm32f4xx_hal_cortex.o" "../Drivers/STM32F4xx_HAL_Driver/Src/stm32f4xx_hal_cortex.c"
Finished building: ../Drivers/STM32F4xx_HAL_Driver/Src/stm32f4xx_hal_cortex.c
 
Building file: ../Drivers/STM32F4xx_HAL_Driver/Src/stm32f4xx_hal_dma.c
Invoking: MCU GCC Compiler
C:\Users\lemos\Documents\stm32projects\SPI-ADXL\SPI-ADXL\spi\Debug
arm-none-eabi-gcc -mcpu=cortex-m4 -mthumb -mfloat-abi=hard -mfpu=fpv4-sp-d16 '-D__weak=__attribute__((weak))' '-D__packed="__attribute__((__packed__))"' -DUSE_HAL_DRIVER -DSTM32F446xx -I"C:/Users/lemos/Documents/stm32projects/SPI-ADXL/SPI-ADXL/spi/Inc" -I"C:/Users/lemos/Documents/stm32projects/SPI-ADXL/SPI-ADXL/spi/Drivers/STM32F4xx_HAL_Driver/Inc" -I"C:/Users/lemos/Documents/stm32projects/SPI-ADXL/SPI-ADXL/spi/Drivers/STM32F4xx_HAL_Driver/Inc/Legacy" -I"C:/Users/lemos/Documents/stm32projects/SPI-ADXL/SPI-ADXL/spi/Drivers/CMSIS/Device/ST/STM32F4xx/Include" -I"C:/Users/lemos/Documents/stm32projects/SPI-ADXL/SPI-ADXL/spi/Drivers/CMSIS/Include"  -Og -g3 -Wall -fmessage-length=0 -ffunction-sections -c -fmessage-length=0 -MMD -MP -MF"Drivers/STM32F4xx_HAL_Driver/Src/stm32f4xx_hal_dma.d" -MT"Drivers/STM32F4xx_HAL_Driver/Src/stm32f4xx_hal_dma.o" -o "Drivers/STM32F4xx_HAL_Driver/Src/stm32f4xx_hal_dma.o" "../Drivers/STM32F4xx_HAL_Driver/Src/stm32f4xx_hal_dma.c"
Finished building: ../Drivers/STM32F4xx_HAL_Driver/Src/stm32f4xx_hal_dma.c
 
Building file: ../Drivers/STM32F4xx_HAL_Driver/Src/stm32f4xx_hal_dma_ex.c
Invoking: MCU GCC Compiler
C:\Users\lemos\Documents\stm32projects\SPI-ADXL\SPI-ADXL\spi\Debug
arm-none-eabi-gcc -mcpu=cortex-m4 -mthumb -mfloat-abi=hard -mfpu=fpv4-sp-d16 '-D__weak=__attribute__((weak))' '-D__packed="__attribute__((__packed__))"' -DUSE_HAL_DRIVER -DSTM32F446xx -I"C:/Users/lemos/Documents/stm32projects/SPI-ADXL/SPI-ADXL/spi/Inc" -I"C:/Users/lemos/Documents/stm32projects/SPI-ADXL/SPI-ADXL/spi/Drivers/STM32F4xx_HAL_Driver/Inc" -I"C:/Users/lemos/Documents/stm32projects/SPI-ADXL/SPI-ADXL/spi/Drivers/STM32F4xx_HAL_Driver/Inc/Legacy" -I"C:/Users/lemos/Documents/stm32projects/SPI-ADXL/SPI-ADXL/spi/Drivers/CMSIS/Device/ST/STM32F4xx/Include" -I"C:/Users/lemos/Documents/stm32projects/SPI-ADXL/SPI-ADXL/spi/Drivers/CMSIS/Include"  -Og -g3 -Wall -fmessage-length=0 -ffunction-sections -c -fmessage-length=0 -MMD -MP -MF"Drivers/STM32F4xx_HAL_Driver/Src/stm32f4xx_hal_dma_ex.d" -MT"Drivers/STM32F4xx_HAL_Driver/Src/stm32f4xx_hal_dma_ex.o" -o "Drivers/STM32F4xx_HAL_Driver/Src/stm32f4xx_hal_dma_ex.o" "../Drivers/STM32F4xx_HAL_Driver/Src/stm32f4xx_hal_dma_ex.c"
Finished building: ../Drivers/STM32F4xx_HAL_Driver/Src/stm32f4xx_hal_dma_ex.c
 
Building file: ../Drivers/STM32F4xx_HAL_Driver/Src/stm32f4xx_hal_flash.c
Invoking: MCU GCC Compiler
C:\Users\lemos\Documents\stm32projects\SPI-ADXL\SPI-ADXL\spi\Debug
arm-none-eabi-gcc -mcpu=cortex-m4 -mthumb -mfloat-abi=hard -mfpu=fpv4-sp-d16 '-D__weak=__attribute__((weak))' '-D__packed="__attribute__((__packed__))"' -DUSE_HAL_DRIVER -DSTM32F446xx -I"C:/Users/lemos/Documents/stm32projects/SPI-ADXL/SPI-ADXL/spi/Inc" -I"C:/Users/lemos/Documents/stm32projects/SPI-ADXL/SPI-ADXL/spi/Drivers/STM32F4xx_HAL_Driver/Inc" -I"C:/Users/lemos/Documents/stm32projects/SPI-ADXL/SPI-ADXL/spi/Drivers/STM32F4xx_HAL_Driver/Inc/Legacy" -I"C:/Users/lemos/Documents/stm32projects/SPI-ADXL/SPI-ADXL/spi/Drivers/CMSIS/Device/ST/STM32F4xx/Include" -I"C:/Users/lemos/Documents/stm32projects/SPI-ADXL/SPI-ADXL/spi/Drivers/CMSIS/Include"  -Og -g3 -Wall -fmessage-length=0 -ffunction-sections -c -fmessage-length=0 -MMD -MP -MF"Drivers/STM32F4xx_HAL_Driver/Src/stm32f4xx_hal_flash.d" -MT"Drivers/STM32F4xx_HAL_Driver/Src/stm32f4xx_hal_flash.o" -o "Drivers/STM32F4xx_HAL_Driver/Src/stm32f4xx_hal_flash.o" "../Drivers/STM32F4xx_HAL_Driver/Src/stm32f4xx_hal_flash.c"
Finished building: ../Drivers/STM32F4xx_HAL_Driver/Src/stm32f4xx_hal_flash.c
 
Building file: ../Drivers/STM32F4xx_HAL_Driver/Src/stm32f4xx_hal_flash_ex.c
Invoking: MCU GCC Compiler
C:\Users\lemos\Documents\stm32projects\SPI-ADXL\SPI-ADXL\spi\Debug
arm-none-eabi-gcc -mcpu=cortex-m4 -mthumb -mfloat-abi=hard -mfpu=fpv4-sp-d16 '-D__weak=__attribute__((weak))' '-D__packed="__attribute__((__packed__))"' -DUSE_HAL_DRIVER -DSTM32F446xx -I"C:/Users/lemos/Documents/stm32projects/SPI-ADXL/SPI-ADXL/spi/Inc" -I"C:/Users/lemos/Documents/stm32projects/SPI-ADXL/SPI-ADXL/spi/Drivers/STM32F4xx_HAL_Driver/Inc" -I"C:/Users/lemos/Documents/stm32projects/SPI-ADXL/SPI-ADXL/spi/Drivers/STM32F4xx_HAL_Driver/Inc/Legacy" -I"C:/Users/lemos/Documents/stm32projects/SPI-ADXL/SPI-ADXL/spi/Drivers/CMSIS/Device/ST/STM32F4xx/Include" -I"C:/Users/lemos/Documents/stm32projects/SPI-ADXL/SPI-ADXL/spi/Drivers/CMSIS/Include"  -Og -g3 -Wall -fmessage-length=0 -ffunction-sections -c -fmessage-length=0 -MMD -MP -MF"Drivers/STM32F4xx_HAL_Driver/Src/stm32f4xx_hal_flash_ex.d" -MT"Drivers/STM32F4xx_HAL_Driver/Src/stm32f4xx_hal_flash_ex.o" -o "Drivers/STM32F4xx_HAL_Driver/Src/stm32f4xx_hal_flash_ex.o" "../Drivers/STM32F4xx_HAL_Driver/Src/stm32f4xx_hal_flash_ex.c"
Finished building: ../Drivers/STM32F4xx_HAL_Driver/Src/stm32f4xx_hal_flash_ex.c
 
Building file: ../Drivers/STM32F4xx_HAL_Driver/Src/stm32f4xx_hal_flash_ramfunc.c
Invoking: MCU GCC Compiler
C:\Users\lemos\Documents\stm32projects\SPI-ADXL\SPI-ADXL\spi\Debug
arm-none-eabi-gcc -mcpu=cortex-m4 -mthumb -mfloat-abi=hard -mfpu=fpv4-sp-d16 '-D__weak=__attribute__((weak))' '-D__packed="__attribute__((__packed__))"' -DUSE_HAL_DRIVER -DSTM32F446xx -I"C:/Users/lemos/Documents/stm32projects/SPI-ADXL/SPI-ADXL/spi/Inc" -I"C:/Users/lemos/Documents/stm32projects/SPI-ADXL/SPI-ADXL/spi/Drivers/STM32F4xx_HAL_Driver/Inc" -I"C:/Users/lemos/Documents/stm32projects/SPI-ADXL/SPI-ADXL/spi/Drivers/STM32F4xx_HAL_Driver/Inc/Legacy" -I"C:/Users/lemos/Documents/stm32projects/SPI-ADXL/SPI-ADXL/spi/Drivers/CMSIS/Device/ST/STM32F4xx/Include" -I"C:/Users/lemos/Documents/stm32projects/SPI-ADXL/SPI-ADXL/spi/Drivers/CMSIS/Include"  -Og -g3 -Wall -fmessage-length=0 -ffunction-sections -c -fmessage-length=0 -MMD -MP -MF"Drivers/STM32F4xx_HAL_Driver/Src/stm32f4xx_hal_flash_ramfunc.d" -MT"Drivers/STM32F4xx_HAL_Driver/Src/stm32f4xx_hal_flash_ramfunc.o" -o "Drivers/STM32F4xx_HAL_Driver/Src/stm32f4xx_hal_flash_ramfunc.o" "../Drivers/STM32F4xx_HAL_Driver/Src/stm32f4xx_hal_flash_ramfunc.c"
Finished building: ../Drivers/STM32F4xx_HAL_Driver/Src/stm32f4xx_hal_flash_ramfunc.c
 
Building file: ../Drivers/STM32F4xx_HAL_Driver/Src/stm32f4xx_hal_gpio.c
Invoking: MCU GCC Compiler
C:\Users\lemos\Documents\stm32projects\SPI-ADXL\SPI-ADXL\spi\Debug
arm-none-eabi-gcc -mcpu=cortex-m4 -mthumb -mfloat-abi=hard -mfpu=fpv4-sp-d16 '-D__weak=__attribute__((weak))' '-D__packed="__attribute__((__packed__))"' -DUSE_HAL_DRIVER -DSTM32F446xx -I"C:/Users/lemos/Documents/stm32projects/SPI-ADXL/SPI-ADXL/spi/Inc" -I"C:/Users/lemos/Documents/stm32projects/SPI-ADXL/SPI-ADXL/spi/Drivers/STM32F4xx_HAL_Driver/Inc" -I"C:/Users/lemos/Documents/stm32projects/SPI-ADXL/SPI-ADXL/spi/Drivers/STM32F4xx_HAL_Driver/Inc/Legacy" -I"C:/Users/lemos/Documents/stm32projects/SPI-ADXL/SPI-ADXL/spi/Drivers/CMSIS/Device/ST/STM32F4xx/Include" -I"C:/Users/lemos/Documents/stm32projects/SPI-ADXL/SPI-ADXL/spi/Drivers/CMSIS/Include"  -Og -g3 -Wall -fmessage-length=0 -ffunction-sections -c -fmessage-length=0 -MMD -MP -MF"Drivers/STM32F4xx_HAL_Driver/Src/stm32f4xx_hal_gpio.d" -MT"Drivers/STM32F4xx_HAL_Driver/Src/stm32f4xx_hal_gpio.o" -o "Drivers/STM32F4xx_HAL_Driver/Src/stm32f4xx_hal_gpio.o" "../Drivers/STM32F4xx_HAL_Driver/Src/stm32f4xx_hal_gpio.c"
Finished building: ../Drivers/STM32F4xx_HAL_Driver/Src/stm32f4xx_hal_gpio.c
 
Building file: ../Drivers/STM32F4xx_HAL_Driver/Src/stm32f4xx_hal_i2c.c
Invoking: MCU GCC Compiler
C:\Users\lemos\Documents\stm32projects\SPI-ADXL\SPI-ADXL\spi\Debug
arm-none-eabi-gcc -mcpu=cortex-m4 -mthumb -mfloat-abi=hard -mfpu=fpv4-sp-d16 '-D__weak=__attribute__((weak))' '-D__packed="__attribute__((__packed__))"' -DUSE_HAL_DRIVER -DSTM32F446xx -I"C:/Users/lemos/Documents/stm32projects/SPI-ADXL/SPI-ADXL/spi/Inc" -I"C:/Users/lemos/Documents/stm32projects/SPI-ADXL/SPI-ADXL/spi/Drivers/STM32F4xx_HAL_Driver/Inc" -I"C:/Users/lemos/Documents/stm32projects/SPI-ADXL/SPI-ADXL/spi/Drivers/STM32F4xx_HAL_Driver/Inc/Legacy" -I"C:/Users/lemos/Documents/stm32projects/SPI-ADXL/SPI-ADXL/spi/Drivers/CMSIS/Device/ST/STM32F4xx/Include" -I"C:/Users/lemos/Documents/stm32projects/SPI-ADXL/SPI-ADXL/spi/Drivers/CMSIS/Include"  -Og -g3 -Wall -fmessage-length=0 -ffunction-sections -c -fmessage-length=0 -MMD -MP -MF"Drivers/STM32F4xx_HAL_Driver/Src/stm32f4xx_hal_i2c.d" -MT"Drivers/STM32F4xx_HAL_Driver/Src/stm32f4xx_hal_i2c.o" -o "Drivers/STM32F4xx_HAL_Driver/Src/stm32f4xx_hal_i2c.o" "../Drivers/STM32F4xx_HAL_Driver/Src/stm32f4xx_hal_i2c.c"
Finished building: ../Drivers/STM32F4xx_HAL_Driver/Src/stm32f4xx_hal_i2c.c
 
Building file: ../Drivers/STM32F4xx_HAL_Driver/Src/stm32f4xx_hal_i2c_ex.c
Invoking: MCU GCC Compiler
C:\Users\lemos\Documents\stm32projects\SPI-ADXL\SPI-ADXL\spi\Debug
arm-none-eabi-gcc -mcpu=cortex-m4 -mthumb -mfloat-abi=hard -mfpu=fpv4-sp-d16 '-D__weak=__attribute__((weak))' '-D__packed="__attribute__((__packed__))"' -DUSE_HAL_DRIVER -DSTM32F446xx -I"C:/Users/lemos/Documents/stm32projects/SPI-ADXL/SPI-ADXL/spi/Inc" -I"C:/Users/lemos/Documents/stm32projects/SPI-ADXL/SPI-ADXL/spi/Drivers/STM32F4xx_HAL_Driver/Inc" -I"C:/Users/lemos/Documents/stm32projects/SPI-ADXL/SPI-ADXL/spi/Drivers/STM32F4xx_HAL_Driver/Inc/Legacy" -I"C:/Users/lemos/Documents/stm32projects/SPI-ADXL/SPI-ADXL/spi/Drivers/CMSIS/Device/ST/STM32F4xx/Include" -I"C:/Users/lemos/Documents/stm32projects/SPI-ADXL/SPI-ADXL/spi/Drivers/CMSIS/Include"  -Og -g3 -Wall -fmessage-length=0 -ffunction-sections -c -fmessage-length=0 -MMD -MP -MF"Drivers/STM32F4xx_HAL_Driver/Src/stm32f4xx_hal_i2c_ex.d" -MT"Drivers/STM32F4xx_HAL_Driver/Src/stm32f4xx_hal_i2c_ex.o" -o "Drivers/STM32F4xx_HAL_Driver/Src/stm32f4xx_hal_i2c_ex.o" "../Drivers/STM32F4xx_HAL_Driver/Src/stm32f4xx_hal_i2c_ex.c"
Finished building: ../Drivers/STM32F4xx_HAL_Driver/Src/stm32f4xx_hal_i2c_ex.c
 
Building file: ../Drivers/STM32F4xx_HAL_Driver/Src/stm32f4xx_hal_pwr.c
Invoking: MCU GCC Compiler
C:\Users\lemos\Documents\stm32projects\SPI-ADXL\SPI-ADXL\spi\Debug
arm-none-eabi-gcc -mcpu=cortex-m4 -mthumb -mfloat-abi=hard -mfpu=fpv4-sp-d16 '-D__weak=__attribute__((weak))' '-D__packed="__attribute__((__packed__))"' -DUSE_HAL_DRIVER -DSTM32F446xx -I"C:/Users/lemos/Documents/stm32projects/SPI-ADXL/SPI-ADXL/spi/Inc" -I"C:/Users/lemos/Documents/stm32projects/SPI-ADXL/SPI-ADXL/spi/Drivers/STM32F4xx_HAL_Driver/Inc" -I"C:/Users/lemos/Documents/stm32projects/SPI-ADXL/SPI-ADXL/spi/Drivers/STM32F4xx_HAL_Driver/Inc/Legacy" -I"C:/Users/lemos/Documents/stm32projects/SPI-ADXL/SPI-ADXL/spi/Drivers/CMSIS/Device/ST/STM32F4xx/Include" -I"C:/Users/lemos/Documents/stm32projects/SPI-ADXL/SPI-ADXL/spi/Drivers/CMSIS/Include"  -Og -g3 -Wall -fmessage-length=0 -ffunction-sections -c -fmessage-length=0 -MMD -MP -MF"Drivers/STM32F4xx_HAL_Driver/Src/stm32f4xx_hal_pwr.d" -MT"Drivers/STM32F4xx_HAL_Driver/Src/stm32f4xx_hal_pwr.o" -o "Drivers/STM32F4xx_HAL_Driver/Src/stm32f4xx_hal_pwr.o" "../Drivers/STM32F4xx_HAL_Driver/Src/stm32f4xx_hal_pwr.c"
Finished building: ../Drivers/STM32F4xx_HAL_Driver/Src/stm32f4xx_hal_pwr.c
 
Building file: ../Drivers/STM32F4xx_HAL_Driver/Src/stm32f4xx_hal_pwr_ex.c
Invoking: MCU GCC Compiler
C:\Users\lemos\Documents\stm32projects\SPI-ADXL\SPI-ADXL\spi\Debug
arm-none-eabi-gcc -mcpu=cortex-m4 -mthumb -mfloat-abi=hard -mfpu=fpv4-sp-d16 '-D__weak=__attribute__((weak))' '-D__packed="__attribute__((__packed__))"' -DUSE_HAL_DRIVER -DSTM32F446xx -I"C:/Users/lemos/Documents/stm32projects/SPI-ADXL/SPI-ADXL/spi/Inc" -I"C:/Users/lemos/Documents/stm32projects/SPI-ADXL/SPI-ADXL/spi/Drivers/STM32F4xx_HAL_Driver/Inc" -I"C:/Users/lemos/Documents/stm32projects/SPI-ADXL/SPI-ADXL/spi/Drivers/STM32F4xx_HAL_Driver/Inc/Legacy" -I"C:/Users/lemos/Documents/stm32projects/SPI-ADXL/SPI-ADXL/spi/Drivers/CMSIS/Device/ST/STM32F4xx/Include" -I"C:/Users/lemos/Documents/stm32projects/SPI-ADXL/SPI-ADXL/spi/Drivers/CMSIS/Include"  -Og -g3 -Wall -fmessage-length=0 -ffunction-sections -c -fmessage-length=0 -MMD -MP -MF"Drivers/STM32F4xx_HAL_Driver/Src/stm32f4xx_hal_pwr_ex.d" -MT"Drivers/STM32F4xx_HAL_Driver/Src/stm32f4xx_hal_pwr_ex.o" -o "Drivers/STM32F4xx_HAL_Driver/Src/stm32f4xx_hal_pwr_ex.o" "../Drivers/STM32F4xx_HAL_Driver/Src/stm32f4xx_hal_pwr_ex.c"
Finished building: ../Drivers/STM32F4xx_HAL_Driver/Src/stm32f4xx_hal_pwr_ex.c
 
Building file: ../Drivers/STM32F4xx_HAL_Driver/Src/stm32f4xx_hal_rcc.c
Invoking: MCU GCC Compiler
C:\Users\lemos\Documents\stm32projects\SPI-ADXL\SPI-ADXL\spi\Debug
arm-none-eabi-gcc -mcpu=cortex-m4 -mthumb -mfloat-abi=hard -mfpu=fpv4-sp-d16 '-D__weak=__attribute__((weak))' '-D__packed="__attribute__((__packed__))"' -DUSE_HAL_DRIVER -DSTM32F446xx -I"C:/Users/lemos/Documents/stm32projects/SPI-ADXL/SPI-ADXL/spi/Inc" -I"C:/Users/lemos/Documents/stm32projects/SPI-ADXL/SPI-ADXL/spi/Drivers/STM32F4xx_HAL_Driver/Inc" -I"C:/Users/lemos/Documents/stm32projects/SPI-ADXL/SPI-ADXL/spi/Drivers/STM32F4xx_HAL_Driver/Inc/Legacy" -I"C:/Users/lemos/Documents/stm32projects/SPI-ADXL/SPI-ADXL/spi/Drivers/CMSIS/Device/ST/STM32F4xx/Include" -I"C:/Users/lemos/Documents/stm32projects/SPI-ADXL/SPI-ADXL/spi/Drivers/CMSIS/Include"  -Og -g3 -Wall -fmessage-length=0 -ffunction-sections -c -fmessage-length=0 -MMD -MP -MF"Drivers/STM32F4xx_HAL_Driver/Src/stm32f4xx_hal_rcc.d" -MT"Drivers/STM32F4xx_HAL_Driver/Src/stm32f4xx_hal_rcc.o" -o "Drivers/STM32F4xx_HAL_Driver/Src/stm32f4xx_hal_rcc.o" "../Drivers/STM32F4xx_HAL_Driver/Src/stm32f4xx_hal_rcc.c"
Finished building: ../Drivers/STM32F4xx_HAL_Driver/Src/stm32f4xx_hal_rcc.c
 
Building file: ../Drivers/STM32F4xx_HAL_Driver/Src/stm32f4xx_hal_rcc_ex.c
Invoking: MCU GCC Compiler
C:\Users\lemos\Documents\stm32projects\SPI-ADXL\SPI-ADXL\spi\Debug
arm-none-eabi-gcc -mcpu=cortex-m4 -mthumb -mfloat-abi=hard -mfpu=fpv4-sp-d16 '-D__weak=__attribute__((weak))' '-D__packed="__attribute__((__packed__))"' -DUSE_HAL_DRIVER -DSTM32F446xx -I"C:/Users/lemos/Documents/stm32projects/SPI-ADXL/SPI-ADXL/spi/Inc" -I"C:/Users/lemos/Documents/stm32projects/SPI-ADXL/SPI-ADXL/spi/Drivers/STM32F4xx_HAL_Driver/Inc" -I"C:/Users/lemos/Documents/stm32projects/SPI-ADXL/SPI-ADXL/spi/Drivers/STM32F4xx_HAL_Driver/Inc/Legacy" -I"C:/Users/lemos/Documents/stm32projects/SPI-ADXL/SPI-ADXL/spi/Drivers/CMSIS/Device/ST/STM32F4xx/Include" -I"C:/Users/lemos/Documents/stm32projects/SPI-ADXL/SPI-ADXL/spi/Drivers/CMSIS/Include"  -Og -g3 -Wall -fmessage-length=0 -ffunction-sections -c -fmessage-length=0 -MMD -MP -MF"Drivers/STM32F4xx_HAL_Driver/Src/stm32f4xx_hal_rcc_ex.d" -MT"Drivers/STM32F4xx_HAL_Driver/Src/stm32f4xx_hal_rcc_ex.o" -o "Drivers/STM32F4xx_HAL_Driver/Src/stm32f4xx_hal_rcc_ex.o" "../Drivers/STM32F4xx_HAL_Driver/Src/stm32f4xx_hal_rcc_ex.c"
Finished building: ../Drivers/STM32F4xx_HAL_Driver/Src/stm32f4xx_hal_rcc_ex.c
 
Building file: ../Drivers/STM32F4xx_HAL_Driver/Src/stm32f4xx_hal_spi.c
Invoking: MCU GCC Compiler
C:\Users\lemos\Documents\stm32projects\SPI-ADXL\SPI-ADXL\spi\Debug
arm-none-eabi-gcc -mcpu=cortex-m4 -mthumb -mfloat-abi=hard -mfpu=fpv4-sp-d16 '-D__weak=__attribute__((weak))' '-D__packed="__attribute__((__packed__))"' -DUSE_HAL_DRIVER -DSTM32F446xx -I"C:/Users/lemos/Documents/stm32projects/SPI-ADXL/SPI-ADXL/spi/Inc" -I"C:/Users/lemos/Documents/stm32projects/SPI-ADXL/SPI-ADXL/spi/Drivers/STM32F4xx_HAL_Driver/Inc" -I"C:/Users/lemos/Documents/stm32projects/SPI-ADXL/SPI-ADXL/spi/Drivers/STM32F4xx_HAL_Driver/Inc/Legacy" -I"C:/Users/lemos/Documents/stm32projects/SPI-ADXL/SPI-ADXL/spi/Drivers/CMSIS/Device/ST/STM32F4xx/Include" -I"C:/Users/lemos/Documents/stm32projects/SPI-ADXL/SPI-ADXL/spi/Drivers/CMSIS/Include"  -Og -g3 -Wall -fmessage-length=0 -ffunction-sections -c -fmessage-length=0 -MMD -MP -MF"Drivers/STM32F4xx_HAL_Driver/Src/stm32f4xx_hal_spi.d" -MT"Drivers/STM32F4xx_HAL_Driver/Src/stm32f4xx_hal_spi.o" -o "Drivers/STM32F4xx_HAL_Driver/Src/stm32f4xx_hal_spi.o" "../Drivers/STM32F4xx_HAL_Driver/Src/stm32f4xx_hal_spi.c"
Finished building: ../Drivers/STM32F4xx_HAL_Driver/Src/stm32f4xx_hal_spi.c
 
Building file: ../Drivers/STM32F4xx_HAL_Driver/Src/stm32f4xx_hal_tim.c
Invoking: MCU GCC Compiler
C:\Users\lemos\Documents\stm32projects\SPI-ADXL\SPI-ADXL\spi\Debug
arm-none-eabi-gcc -mcpu=cortex-m4 -mthumb -mfloat-abi=hard -mfpu=fpv4-sp-d16 '-D__weak=__attribute__((weak))' '-D__packed="__attribute__((__packed__))"' -DUSE_HAL_DRIVER -DSTM32F446xx -I"C:/Users/lemos/Documents/stm32projects/SPI-ADXL/SPI-ADXL/spi/Inc" -I"C:/Users/lemos/Documents/stm32projects/SPI-ADXL/SPI-ADXL/spi/Drivers/STM32F4xx_HAL_Driver/Inc" -I"C:/Users/lemos/Documents/stm32projects/SPI-ADXL/SPI-ADXL/spi/Drivers/STM32F4xx_HAL_Driver/Inc/Legacy" -I"C:/Users/lemos/Documents/stm32projects/SPI-ADXL/SPI-ADXL/spi/Drivers/CMSIS/Device/ST/STM32F4xx/Include" -I"C:/Users/lemos/Documents/stm32projects/SPI-ADXL/SPI-ADXL/spi/Drivers/CMSIS/Include"  -Og -g3 -Wall -fmessage-length=0 -ffunction-sections -c -fmessage-length=0 -MMD -MP -MF"Drivers/STM32F4xx_HAL_Driver/Src/stm32f4xx_hal_tim.d" -MT"Drivers/STM32F4xx_HAL_Driver/Src/stm32f4xx_hal_tim.o" -o "Drivers/STM32F4xx_HAL_Driver/Src/stm32f4xx_hal_tim.o" "../Drivers/STM32F4xx_HAL_Driver/Src/stm32f4xx_hal_tim.c"
Finished building: ../Drivers/STM32F4xx_HAL_Driver/Src/stm32f4xx_hal_tim.c
 
Building file: ../Drivers/STM32F4xx_HAL_Driver/Src/stm32f4xx_hal_tim_ex.c
Invoking: MCU GCC Compiler
C:\Users\lemos\Documents\stm32projects\SPI-ADXL\SPI-ADXL\spi\Debug
arm-none-eabi-gcc -mcpu=cortex-m4 -mthumb -mfloat-abi=hard -mfpu=fpv4-sp-d16 '-D__weak=__attribute__((weak))' '-D__packed="__attribute__((__packed__))"' -DUSE_HAL_DRIVER -DSTM32F446xx -I"C:/Users/lemos/Documents/stm32projects/SPI-ADXL/SPI-ADXL/spi/Inc" -I"C:/Users/lemos/Documents/stm32projects/SPI-ADXL/SPI-ADXL/spi/Drivers/STM32F4xx_HAL_Driver/Inc" -I"C:/Users/lemos/Documents/stm32projects/SPI-ADXL/SPI-ADXL/spi/Drivers/STM32F4xx_HAL_Driver/Inc/Legacy" -I"C:/Users/lemos/Documents/stm32projects/SPI-ADXL/SPI-ADXL/spi/Drivers/CMSIS/Device/ST/STM32F4xx/Include" -I"C:/Users/lemos/Documents/stm32projects/SPI-ADXL/SPI-ADXL/spi/Drivers/CMSIS/Include"  -Og -g3 -Wall -fmessage-length=0 -ffunction-sections -c -fmessage-length=0 -MMD -MP -MF"Drivers/STM32F4xx_HAL_Driver/Src/stm32f4xx_hal_tim_ex.d" -MT"Drivers/STM32F4xx_HAL_Driver/Src/stm32f4xx_hal_tim_ex.o" -o "Drivers/STM32F4xx_HAL_Driver/Src/stm32f4xx_hal_tim_ex.o" "../Drivers/STM32F4xx_HAL_Driver/Src/stm32f4xx_hal_tim_ex.c"
Finished building: ../Drivers/STM32F4xx_HAL_Driver/Src/stm32f4xx_hal_tim_ex.c
 
Building target: spi.elf
Invoking: MCU GCC Linker
arm-none-eabi-gcc -mcpu=cortex-m4 -mthumb -mfloat-abi=hard -mfpu=fpv4-sp-d16 -specs=nosys.specs -specs=nano.specs -u _printf_float -T"../STM32F446RETx_FLASH.ld" -Wl,-Map=output.map -Wl,--gc-sections -o "spi.elf" @"objects.list"   -lm
Finished building target: spi.elf
 
make --no-print-directory post-build
Generating hex and Printing size information:
arm-none-eabi-objcopy -O ihex "spi.elf" "spi.hex"
arm-none-eabi-size "spi.elf"
   text	   data	    bss	    dec	    hex	filename
  20584	    484	   1788	  22856	   5948	spi.elf
 

20:37:39 Build Finished (took 18s.453ms)

